[demothemesflat.com/axies/index.html]
[backblue.gif]
[fade.gif]
[index.html]
[demothemesflat.com/axies/assets/icon/Favicon.png]
[demothemesflat.com/axies/index-2.html]
[demothemesflat.com/axies/assets/images/logo/logo_dark.png]
[demothemesflat.com/axies/home2.html]
[demothemesflat.com/axies/home3.html]
[demothemesflat.com/axies/home4.html]
[demothemesflat.com/axies/home5.html]
[demothemesflat.com/axies/home6.html]
[demothemesflat.com/axies/home7.html]
[demothemesflat.com/axies/home8.html]
[demothemesflat.com/axies/slider-typer-text.html]
[demothemesflat.com/axies/slider-scroll-text.html]
[demothemesflat.com/axies/slider-rotate-text.html]
[demothemesflat.com/axies/explore-1.html]
[demothemesflat.com/axies/explore-2.html]
[demothemesflat.com/axies/explore-3.html]
[demothemesflat.com/axies/explore-4.html]
[demothemesflat.com/axies/auctions.html]
[demothemesflat.com/axies/item-details.html]
[demothemesflat.com/axies/item-details-2.html]
[demothemesflat.com/axies/activity1.html]
[demothemesflat.com/axies/activity2.html]
[demothemesflat.com/axies/blog.html]
[demothemesflat.com/axies/blog-details.html]
[demothemesflat.com/axies/help-center.html]
[demothemesflat.com/axies/author01.html]
[demothemesflat.com/axies/author02.html]
[demothemesflat.com/axies/connect-wallet.html]
[demothemesflat.com/axies/create-item.html]
[demothemesflat.com/axies/profile.html]
[demothemesflat.com/axies/ranking.html]
[demothemesflat.com/axies/login.html]
[demothemesflat.com/axies/signup.html]
[demothemesflat.com/axies/no-result.html]
[demothemesflat.com/axies/faq.html]
[demothemesflat.com/axies/contact1.html]
[demothemesflat.com/axies/contact2.html]
[demothemesflat.com/axies/assets/images/avatar/avt-6.jpg]
[demothemesflat.com/axies/assets/images/avatar/avt-5.jpg]
[demothemesflat.com/axies/assets/images/icon/sun.png]
[demothemesflat.com/axies/assets/images/icon/moon-2.png]
[demothemesflat.com/axies/assets/images/backgroup-secsion/bg-gradient1.png]
[demothemesflat.com/axies/assets/images/backgroup-secsion/bg-gradient2.png]
[demothemesflat.com/axies/assets/images/backgroup-secsion/bg-gradient3.png]
[demothemesflat.com/axies/assets/images/backgroup-secsion/img-bg-sliderhome2.png]
[demothemesflat.com/axies/assets/images/box-item/imgslider2.png]
[demothemesflat.com/axies/assets/images/box-item/imgslider-3.png]
[demothemesflat.com/axies/assets/images/backgroup-secsion/img-bg-sliderhome3.png]
[demothemesflat.com/axies/assets/images/box-item/card-item8.jpg]
[demothemesflat.com/axies/assets/images/avatar/avt-11.jpg]
[demothemesflat.com/axies/assets/images/box-item/image-box-10.jpg]
[demothemesflat.com/axies/assets/images/avatar/avt-12.jpg]
[demothemesflat.com/axies/assets/images/box-item/image-box-11.jpg]
[demothemesflat.com/axies/assets/images/avatar/avt-13.jpg]
[demothemesflat.com/axies/assets/images/box-item/image-box-21.jpg]
[demothemesflat.com/axies/assets/images/avatar/avt-14.jpg]
[demothemesflat.com/axies/assets/images/avatar/avt-1.jpg]
[demothemesflat.com/axies/assets/images/avatar/avt-2.jpg]
[demothemesflat.com/axies/assets/images/avatar/avt-4.jpg]
[demothemesflat.com/axies/assets/images/avatar/avt-3.jpg]
[demothemesflat.com/axies/assets/images/avatar/avt-8.jpg]
[demothemesflat.com/axies/assets/images/avatar/avt-9.jpg]
[demothemesflat.com/axies/assets/images/avatar/avt-7.jpg]
[demothemesflat.com/axies/assets/images/icon/menu.png]
[demothemesflat.com/axies/assets/images/icon/rainbow.png]
[demothemesflat.com/axies/assets/images/icon/photo.png]
[demothemesflat.com/axies/assets/images/icon/itunes.png]
[demothemesflat.com/axies/assets/images/box-item/card-item-3.jpg]
[demothemesflat.com/axies/assets/images/box-item/card-item-4.jpg]
[demothemesflat.com/axies/assets/images/box-item/card-item-2.jpg]
[demothemesflat.com/axies/assets/images/box-item/card-item-7.jpg]
[demothemesflat.com/axies/assets/images/box-item/card-item-9.jpg]
[demothemesflat.com/axies/assets/images/box-item/collection-item-2.jpg]
[demothemesflat.com/axies/assets/images/box-item/collection-item-top-1.jpg]
[demothemesflat.com/axies/assets/images/box-item/collection-item-top-2.jpg]
[demothemesflat.com/axies/assets/images/box-item/collection-item-bottom-4.jpg]
[demothemesflat.com/axies/assets/images/box-item/img-collection23.jpg]
[demothemesflat.com/axies/assets/images/box-item/img-collection24.jpg]
[demothemesflat.com/axies/assets/images/box-item/img-collection10.jpg]
[demothemesflat.com/axies/assets/images/box-item/img-collection11.jpg]
[demothemesflat.com/axies/assets/images/box-item/img-collection12.jpg]
[demothemesflat.com/axies/assets/images/box-item/img-collection18.jpg]
[demothemesflat.com/axies/assets/images/box-item/img-collection25.jpg]
[demothemesflat.com/axies/assets/images/box-item/img-collection17.jpg]
[demothemesflat.com/axies/assets/js/jquery.min.js]
[demothemesflat.com/axies/assets/js/main.js]
[demothemesflat.com/axies/assets/js/jquery.easing.js]
[demothemesflat.com/axies/assets/js/popper.min.js]
[demothemesflat.com/axies/assets/js/bootstrap.min.js]
[demothemesflat.com/axies/assets/js/wow.min.js]
[demothemesflat.com/axies/assets/js/plugin.js]
[demothemesflat.com/axies/assets/js/count-down.js]
[demothemesflat.com/axies/assets/js/shortcodes.js]
[demothemesflat.com/axies/assets/js/swiper-bundle.min.js]
[demothemesflat.com/axies/assets/js/swiper.js]
[demothemesflat.com/axies/assets/js/web3.min.js]
[demothemesflat.com/axies/assets/js/moralis.js]
[demothemesflat.com/axies/assets/js/nft.js]
[demothemesflat.com/axies/index.html]
[demothemesflat.com/axies/index-2.html]
[demothemesflat.com/axies/assets/images/box-item/img-collection3.jpg]
[demothemesflat.com/axies/assets/images/box-item/image-box-12.jpg]
[demothemesflat.com/axies/assets/images/box-item/collection-item-11.jpg]
[demothemesflat.com/axies/assets/images/box-item/img-collection6.jpg]
[demothemesflat.com/axies/assets/images/box-item/img-collection1.jpg]
[demothemesflat.com/axies/assets/images/box-item/image-box-16.jpg]
[demothemesflat.com/axies/assets/images/box-item/image-box-1.jpg]
[demothemesflat.com/axies/assets/images/box-item/img-collection2.jpg]
[demothemesflat.com/axies/assets/images/box-item/collection-item-10.jpg]
[demothemesflat.com/axies/assets/images/box-item/img-collection8.jpg]
[demothemesflat.com/axies/assets/images/avatar/avt-10.jpg]
[demothemesflat.com/axies/assets/images/box-item/image-box-6.jpg]
[demothemesflat.com/axies/home2.html]
[demothemesflat.com/axies/assets/images/avatar/avt-15.jpg]
[demothemesflat.com/axies/assets/images/box-item/collection-item-1.png]
[demothemesflat.com/axies/assets/images/box-item/collection-item-4.jpg]
[demothemesflat.com/axies/assets/images/box-item/img-collection4.jpg]
[demothemesflat.com/axies/assets/images/box-item/img-collection5.jpg]
[demothemesflat.com/axies/assets/images/box-item/collection-item-5.jpg]
[demothemesflat.com/axies/assets/images/box-item/img-collection7.jpg]
[demothemesflat.com/axies/assets/images/box-item/img-collection9.jpg]
[demothemesflat.com/axies/assets/js/parallax.js]
[demothemesflat.com/axies/home3.html]
[demothemesflat.com/axies/assets/images/box-item/img_cart_item.jpg]
[demothemesflat.com/axies/assets/images/box-item/img_cart_item2.jpg]
[demothemesflat.com/axies/assets/images/box-item/img_cart_item3.png]
[demothemesflat.com/axies/assets/images/box-item/img_cart_item4.jpg]
[demothemesflat.com/axies/assets/images/box-item/img_cart_item5.jpg]
[demothemesflat.com/axies/assets/images/box-item/img_cart_item6.jpg]
[demothemesflat.com/axies/assets/images/box-item/img_cart_item7.jpg]
[demothemesflat.com/axies/assets/images/avatar/avt-18.jpg]
[demothemesflat.com/axies/assets/images/avatar/avt-16.jpg]
[demothemesflat.com/axies/assets/images/avatar/avt-17.jpg]
[demothemesflat.com/axies/assets/images/avatar/avt-19.jpg]
[demothemesflat.com/axies/assets/images/avatar/avt-20.jpg]
[demothemesflat.com/axies/assets/images/avatar/avt-25.jpg]
[demothemesflat.com/axies/assets/images/avatar/author_rank.jpg]
[demothemesflat.com/axies/assets/images/avatar/avt-22.jpg]
[demothemesflat.com/axies/assets/images/avatar/avt-26.jpg]
[demothemesflat.com/axies/assets/images/avatar/avt-23.jpg]
[demothemesflat.com/axies/assets/images/avatar/avt-24.jpg]
[demothemesflat.com/axies/assets/images/avatar/avt-27.jpg]
[demothemesflat.com/axies/assets/js/bootstrap.bundle.min.js]
[demothemesflat.com/axies/home4.html]
[demothemesflat.com/axies/assets/images/box-item/item-h5.1.png]
[demothemesflat.com/axies/assets/images/box-item/item-h5.2.png]
[demothemesflat.com/axies/assets/images/box-item/item-h5.3.png]
[demothemesflat.com/axies/assets/images/box-item/imgslider2category.jpg]
[demothemesflat.com/axies/assets/images/box-item/imgslider3category.jpg]
[demothemesflat.com/axies/assets/images/box-item/imgslider4category.jpg]
[demothemesflat.com/axies/assets/images/box-item/imgslider5category.jpg]
[demothemesflat.com/axies/assets/images/box-item/imgslider6category.jpg]
[demothemesflat.com/axies/assets/images/box-item/imgslider1category.jpg]
[demothemesflat.com/axies/assets/images/box-item/image-box-26.jpg]
[demothemesflat.com/axies/assets/images/box-item/image-box-27.jpg]
[demothemesflat.com/axies/assets/images/box-item/image-box-28.jpg]
[demothemesflat.com/axies/assets/images/box-item/collection-item-6.jpg]
[demothemesflat.com/axies/assets/images/box-item/collection-item-7.jpg]
[demothemesflat.com/axies/assets/images/box-item/collection-item-8.jpg]
[demothemesflat.com/axies/assets/images/box-item/collection-item-9.jpg]
[demothemesflat.com/axies/assets/images/box-item/collection-item-12.jpg]
[demothemesflat.com/axies/assets/images/box-item/collection-item-13.jpg]
[demothemesflat.com/axies/home5.html]
[demothemesflat.com/axies/assets/images/box-item/img_cart_item4.png]
[demothemesflat.com/axies/assets/images/box-item/img_cart_item5.png]
[demothemesflat.com/axies/assets/images/box-item/image-box-29.jpg]
[demothemesflat.com/axies/assets/images/avatar/avt-28.jpg]
[demothemesflat.com/axies/assets/images/box-item/image-box-30.jpg]
[demothemesflat.com/axies/assets/images/avatar/avt-29.jpg]
[demothemesflat.com/axies/assets/images/box-item/image-box-31.jpg]
[demothemesflat.com/axies/assets/images/avatar/avt-30.jpg]
[demothemesflat.com/axies/assets/images/box-item/collection-item-14.jpg]
[demothemesflat.com/axies/assets/images/box-item/collection-item-15.jpg]
[demothemesflat.com/axies/assets/images/box-item/collection-item-16.jpg]
[demothemesflat.com/axies/home6.html]
[demothemesflat.com/axies/assets/images/box-item/img_item1.png]
[demothemesflat.com/axies/assets/images/box-item/img_item2.png]
[demothemesflat.com/axies/assets/images/box-item/img_item3.png]
[demothemesflat.com/axies/assets/images/box-item/img_item4.png]
[demothemesflat.com/axies/assets/images/box-item/image-box-32.jpg]
[demothemesflat.com/axies/assets/images/box-item/image-box-33.jpg]
[demothemesflat.com/axies/assets/images/box-item/image-box-34.jpg]
[demothemesflat.com/axies/assets/images/box-item/image-box-35.jpg]
[demothemesflat.com/axies/assets/images/box-item/image-box-36.jpg]
[demothemesflat.com/axies/assets/images/box-item/img_category1.jpg]
[demothemesflat.com/axies/assets/images/box-item/img_category2.jpg]
[demothemesflat.com/axies/assets/images/box-item/img_category3.jpg]
[demothemesflat.com/axies/assets/images/box-item/img_category4.jpg]
[demothemesflat.com/axies/assets/images/box-item/img_category5.jpg]
[demothemesflat.com/axies/assets/images/box-item/img_category6.jpg]
[demothemesflat.com/axies/assets/images/avatar/avt-31.jpg]
[demothemesflat.com/axies/assets/images/avatar/avata_profile.jpg]
[demothemesflat.com/axies/assets/images/avatar/avt-32.jpg]
[demothemesflat.com/axies/assets/images/avatar/avt-33.jpg]
[demothemesflat.com/axies/assets/images/box-item/image-box-46.jpg]
[demothemesflat.com/axies/assets/images/box-item/image-box-37.jpg]
[demothemesflat.com/axies/assets/images/box-item/image-box-38.jpg]
[demothemesflat.com/axies/assets/images/box-item/image-box-39.jpg]
[demothemesflat.com/axies/assets/images/box-item/image-box-40.jpg]
[demothemesflat.com/axies/assets/images/box-item/image-box-41.jpg]
[demothemesflat.com/axies/assets/images/box-item/image-box-42.jpg]
[demothemesflat.com/axies/assets/images/box-item/image-box-43.jpg]
[demothemesflat.com/axies/assets/images/box-item/image-box-44.jpg]
[demothemesflat.com/axies/assets/images/box-item/image-box-45.jpg]
[demothemesflat.com/axies/assets/images/box-item/collection-item-17.jpg]
[demothemesflat.com/axies/assets/images/box-item/collection-item-18.jpg]
[demothemesflat.com/axies/assets/images/box-item/collection-item-19.jpg]
[demothemesflat.com/axies/assets/images/box-item/collection-item-20.jpg]
[demothemesflat.com/axies/assets/images/box-item/collection-item-21.jpg]
[demothemesflat.com/axies/assets/images/box-item/collection-item-22.jpg]
[demothemesflat.com/axies/assets/images/box-item/collection-item-23.jpg]
[demothemesflat.com/axies/assets/images/box-item/collection-item-24.jpg]
[demothemesflat.com/axies/assets/images/box-item/collection-item-25.jpg]
[demothemesflat.com/axies/home7.html]
[demothemesflat.com/axies/assets/images/box-item/image-box-47.jpg]
[demothemesflat.com/axies/assets/images/box-item/image-box-48.jpg]
[demothemesflat.com/axies/assets/images/box-item/image-box-52.jpg]
[demothemesflat.com/axies/assets/images/box-item/image-box-53.jpg]
[demothemesflat.com/axies/assets/images/box-item/image-box-49.jpg]
[demothemesflat.com/axies/assets/images/box-item/image-box-54.jpg]
[demothemesflat.com/axies/assets/images/box-item/image-box-55.jpg]
[demothemesflat.com/axies/assets/images/box-item/image-box-56.jpg]
[demothemesflat.com/axies/assets/images/box-item/image-box-50.jpg]
[demothemesflat.com/axies/assets/images/box-item/image-box-51.jpg]
[demothemesflat.com/axies/assets/js/price-ranger.js]
[demothemesflat.com/axies/home8.html]
[demothemesflat.com/axies/assets/js/anime.min.js]
[demothemesflat.com/axies/assets/js/textanimation.js]
[demothemesflat.com/axies/slider-typer-text.html]
[demothemesflat.com/axies/slider-scroll-text.html]
[demothemesflat.com/axies/slider-rotate-text.html]
[demothemesflat.com/axies/explore-1.html]
[demothemesflat.com/axies/explore-2.html]
[demothemesflat.com/axies/explore-3.html]
[demothemesflat.com/axies/explore-4.html]
[demothemesflat.com/axies/auctions.html]
[demothemesflat.com/axies/assets/images/box-item/images-item-details.jpg]
[demothemesflat.com/axies/item-details.html]
[demothemesflat.com/axies/item-details-2.html]
[demothemesflat.com/axies/assets/images/box-item/images-item-details2.jpg]
[demothemesflat.com/axies/assets/images/box-item/card-item-10.jpg]
[demothemesflat.com/axies/activity1.html]
[demothemesflat.com/axies/assets/images/box-item/imgactivity2.jpg]
[demothemesflat.com/axies/assets/images/box-item/card-item-3.3.jpg]
[demothemesflat.com/axies/activity2.html]
[demothemesflat.com/axies/assets/images/blog/thumb-1.jpg]
[demothemesflat.com/axies/assets/images/blog/thumg-3-1.jpg]
[demothemesflat.com/axies/assets/images/blog/thumb-4.jpg]
[demothemesflat.com/axies/assets/images/blog/thumb-2.jpg]
[demothemesflat.com/axies/assets/images/blog/thumb-5.jpg]
[demothemesflat.com/axies/assets/images/blog/thumb-6-1.jpg]
[demothemesflat.com/axies/blog.html]
[demothemesflat.com/axies/assets/images/blog/thumb-7.jpg]
[demothemesflat.com/axies/assets/images/blog/thumb1_details.jpg]
[demothemesflat.com/axies/assets/images/blog/thumb2_details.jpg]
[demothemesflat.com/axies/assets/images/blog/thumb-6.jpg]
[demothemesflat.com/axies/assets/images/box-item/icon1-recont-post.jpg]
[demothemesflat.com/axies/assets/images/box-item/icon2-recont-post.jpg]
[demothemesflat.com/axies/assets/images/box-item/icon3-recont-post.jpg]
[demothemesflat.com/axies/assets/images/box-item/icon4-recont-post.jpg]
[demothemesflat.com/axies/assets/js/jquery-validate.js]
[demothemesflat.com/axies/blog-details.html]
[demothemesflat.com/axies/help-center.html]
[demothemesflat.com/axies/assets/images/box-item/image-box-15.jpg]
[demothemesflat.com/axies/assets/images/box-item/image-box-18.jpg]
[demothemesflat.com/axies/assets/images/box-item/image-box-14.jpg]
[demothemesflat.com/axies/assets/images/box-item/img-collection13.jpg]
[demothemesflat.com/axies/assets/images/box-item/img-collection14.jpg]
[demothemesflat.com/axies/assets/images/box-item/img-collection15.jpg]
[demothemesflat.com/axies/assets/images/box-item/img-collection16.jpg]
[demothemesflat.com/axies/assets/images/box-item/img-collection19.jpg]
[demothemesflat.com/axies/assets/images/box-item/image-box-17.jpg]
[demothemesflat.com/axies/assets/images/box-item/img-collection22.jpg]
[demothemesflat.com/axies/assets/images/box-item/img-collection21.jpg]
[demothemesflat.com/axies/assets/images/box-item/img-collection20.jpg]
[demothemesflat.com/axies/author01.html]
[demothemesflat.com/axies/assets/images/avatar/avt-author-tab.jpg]
[demothemesflat.com/axies/author02.html]
[demothemesflat.com/axies/assets/images/icon/icon-1.png]
[demothemesflat.com/axies/assets/images/icon/icon-6.png]
[demothemesflat.com/axies/assets/images/icon/Vector.png]
[demothemesflat.com/axies/assets/images/icon/WalletConnect.png]
[demothemesflat.com/axies/assets/images/icon/icon-2.png]
[demothemesflat.com/axies/assets/images/icon/icon-3.png]
[demothemesflat.com/axies/assets/images/icon/icon-4.png]
[demothemesflat.com/axies/assets/images/icon/icon-5.png]
[demothemesflat.com/axies/connect-wallet.html]
[demothemesflat.com/axies/create-item.html]
[demothemesflat.com/axies/assets/images/backgroup-secsion/option1_bg_profile.jpg]
[demothemesflat.com/axies/profile.html]
[demothemesflat.com/axies/assets/images/backgroup-secsion/option2_bg_profile.jpg]
[demothemesflat.com/axies/assets/images/box-item/img1rank.jpg]
[demothemesflat.com/axies/assets/images/box-item/img2rank.jpg]
[demothemesflat.com/axies/assets/images/box-item/img3rank.jpg]
[demothemesflat.com/axies/assets/images/box-item/img4rank.jpg]
[demothemesflat.com/axies/assets/images/box-item/img5rank.jpg]
[demothemesflat.com/axies/assets/images/box-item/img6rank.jpg]
[demothemesflat.com/axies/ranking.html]
[demothemesflat.com/axies/login.html]
[demothemesflat.com/axies/signup.html]
[demothemesflat.com/axies/no-result.html]
[demothemesflat.com/axies/faq.html]
[demothemesflat.com/axies/assets/images/blog/thumb-8.png]
[demothemesflat.com/axies/contact1.html]
[demothemesflat.com/axies/contact2.html]
[demothemesflat.com/axies/assets/css/style.css]
[demothemesflat.com/axies/index-2.html]
[demothemesflat.com/axies/assets/css/textanimation.css]
[demothemesflat.com/axies/assets/css/responsive.css]
[demothemesflat.com/axies/assets/font/nfts.eot]
[demothemesflat.com/axies/assets/font/nfts.ttf]
[demothemesflat.com/axies/assets/font/nfts.woff]
[demothemesflat.com/axies/assets/css/ntfs.css]
[demothemesflat.com/axies/assets/icon/preload.png]
[demothemesflat.com/axies/assets/images/backgroup-secsion/img_bg_page_title.jpg]
[demothemesflat.com/axies/assets/images/backgroup-secsion/img_bg_page_title_inner.jpg]
[demothemesflat.com/axies/assets/images/backgroup-secsion/img_bg_page_title_dark.jpg]
[demothemesflat.com/axies/assets/images/item-background/bg-authors.jpg]
[demothemesflat.com/axies/assets/images/item-background/bg-authors2.jpg]
[demothemesflat.com/axies/assets/images/backgroup-secsion/bg-h7.jpg]
[demothemesflat.com/axies/assets/css/shortcodes.css]
[demothemesflat.com/axies/assets/css/animate.css]
[demothemesflat.com/axies/assets/css/jquery.fancybox.min.css]
[demothemesflat.com/axies/assets/font/fa-brands-400.eot]
[demothemesflat.com/axies/assets/font/fa-brands-400d41d.eot]
[demothemesflat.com/axies/assets/font/fa-brands-400.woff]
[demothemesflat.com/axies/assets/font/fa-brands-400.ttf]
[demothemesflat.com/axies/assets/font/fa-duotone-900.eot]
[demothemesflat.com/axies/assets/font/fa-duotone-900d41d.eot]
[demothemesflat.com/axies/assets/font/fa-duotone-900.woff]
[demothemesflat.com/axies/assets/font/fa-duotone-900.ttf]
[demothemesflat.com/axies/assets/font/fa-light-300d41d.eot]
[demothemesflat.com/axies/assets/font/fa-light-300.woff]
[demothemesflat.com/axies/assets/font/fa-light-300.ttf]
[demothemesflat.com/axies/assets/font/fa-regular-400.eot]
[demothemesflat.com/axies/assets/font/fa-regular-400d41d.eot]
[demothemesflat.com/axies/assets/font/fa-regular-400.woff]
[demothemesflat.com/axies/assets/font/fa-regular-400.ttf]
[demothemesflat.com/axies/assets/font/fa-solid-900.eot]
[demothemesflat.com/axies/assets/font/fa-solid-900d41d.eot]
[demothemesflat.com/axies/assets/font/fa-solid-900.woff]
[demothemesflat.com/axies/assets/font/fa-solid-900.ttf]
[demothemesflat.com/axies/assets/css/font-awesome.css]
[demothemesflat.com/axies/assets/css/swiper-bundle.min.css]
[demothemesflat.com/axies/assets/css/bootstrap.css]
[demothemesflat.com/axies/assets/font/nfts.svg]
[demothemesflat.com/axies/assets/font/fa-brands-400.html]
[demothemesflat.com/axies/assets/font/fa-brands-400.svg]
[demothemesflat.com/axies/assets/font/fa-duotone-900.html]
[demothemesflat.com/axies/assets/font/fa-duotone-900.svg]
[demothemesflat.com/axies/assets/css//font/fa-light-300.html]
[demothemesflat.com/axies/assets/font/fa-light-300.html]
[demothemesflat.com/axies/assets/font/fa-light-300.svg]
[demothemesflat.com/axies/assets/font/fa-regular-400.html]
[demothemesflat.com/axies/assets/font/fa-regular-400.svg]
[demothemesflat.com/axies/assets/font/fa-solid-900.html]
[demothemesflat.com/axies/assets/font/fa-solid-900.svg]
